// Jest Snapshot v1, https://goo.gl/fbAQLP

exports[`Create Manifest Button With Modal renders the modal properly when the button is clicked 1`] = `
<body
  class="pf-c-backdrop__open"
>
  <div
    aria-hidden="true"
  >
    <button
      aria-disabled="false"
      class="pf-c-button pf-m-primary"
      data-ouia-component-id="OUIA-Generated-Button-primary-1"
      data-ouia-component-type="PF4/Button"
      data-ouia-safe="true"
      type="button"
    >
      Create new manifest
    </button>
  </div>
  <div>
    <div
      class="pf-c-backdrop"
    >
      <div
        class="pf-l-bullseye"
      >
        <div
          aria-describedby="pf-modal-part-2"
          aria-label="Create satellite manifest"
          aria-labelledby="pf-modal-part-0"
          aria-modal="true"
          class="pf-c-modal-box pf-m-md"
          data-ouia-component-id="OUIA-Generated-Modal-medium-1"
          data-ouia-component-type="PF4/ModalContent"
          data-ouia-safe="true"
          id="pf-modal-part-0"
          role="dialog"
        >
          <button
            aria-disabled="false"
            aria-label="Close"
            class="pf-c-button pf-m-plain"
            data-ouia-component-id="OUIA-Generated-Button-plain-1"
            data-ouia-component-type="PF4/Button"
            data-ouia-safe="true"
            type="button"
          >
            <svg
              aria-hidden="true"
              fill="currentColor"
              height="1em"
              role="img"
              style="vertical-align: -0.125em;"
              viewBox="0 0 352 512"
              width="1em"
            >
              <path
                d="M242.72 256l100.07-100.07c12.28-12.28 12.28-32.19 0-44.48l-22.24-22.24c-12.28-12.28-32.19-12.28-44.48 0L176 189.28 75.93 89.21c-12.28-12.28-32.19-12.28-44.48 0L9.21 111.45c-12.28 12.28-12.28 32.19 0 44.48L109.28 256 9.21 356.07c-12.28 12.28-12.28 32.19 0 44.48l22.24 22.24c12.28 12.28 32.2 12.28 44.48 0L176 322.72l100.07 100.07c12.28 12.28 32.2 12.28 44.48 0l22.24-22.24c12.28-12.28 12.28-32.19 0-44.48L242.72 256z"
              />
            </svg>
          </button>
          
          <div
            class="pf-c-modal-box__body"
            id="pf-modal-part-2"
          >
            <h3
              class="pf-c-title pf-m-2xl"
              data-ouia-component-id="OUIA-Generated-Title-1"
              data-ouia-component-type="PF4/Title"
              data-ouia-safe="true"
            >
              Create new manifest
            </h3>
            <p
              style="margin: 30px 0px;"
            >
              Creating a new manifest allows you to export subscriptions to your on-premise subscription management application.
            </p>
            <form
              class="pf-c-form pf-m-limit-width"
              novalidate=""
            >
              <div
                class="pf-c-form__group"
              >
                <div
                  class="pf-c-form__group-label"
                >
                  <label
                    class="pf-c-form__label"
                    for="create-satellite-manifest-form-name"
                  >
                    <span
                      class="pf-c-form__label-text"
                    >
                      Name
                    </span>
                    <span
                      aria-hidden="true"
                      class="pf-c-form__label-required"
                    >
                       
                      *
                    </span>
                  </label>
                   
                  <span
                    aria-label="Provide a name that will help you associate this manifest with a specific organization or on-premise subscription management application."
                    tabindex="0"
                  >
                    <svg
                      aria-hidden="true"
                      fill="currentColor"
                      height="1em"
                      role="img"
                      style="vertical-align: -0.125em;"
                      viewBox="0 0 1024 1024"
                      width="1em"
                    >
                      <path
                        d="M521.3,576 C627.5,576 713.7,502 713.7,413.7 C713.7,325.4 627.6,253.6 521.3,253.6 C366,253.6 334.5,337.7 329.2,407.2 C329.2,414.3 335.2,416 343.5,416 L445,416 C450.5,416 458,415.5 460.8,406.5 C460.8,362.6 582.9,357.1 582.9,413.6 C582.9,441.9 556.2,470.9 521.3,473 C486.4,475.1 447.3,479.8 447.3,521.7 L447.3,553.8 C447.3,570.8 456.1,576 472,576 C487.9,576 521.3,576 521.3,576 M575.3,751.3 L575.3,655.3 C575.313862,651.055109 573.620137,646.982962 570.6,644 C567.638831,640.947672 563.552355,639.247987 559.3,639.29884 L463.3,639.29884 C459.055109,639.286138 454.982962,640.979863 452,644 C448.947672,646.961169 447.247987,651.047645 447.29884,655.3 L447.29884,751.3 C447.286138,755.544891 448.979863,759.617038 452,762.6 C454.961169,765.652328 459.047645,767.352013 463.3,767.30116 L559.3,767.30116 C563.544891,767.313862 567.617038,765.620137 570.6,762.6 C573.659349,759.643612 575.360354,755.553963 575.3,751.3 M512,896 C300.2,896 128,723.9 128,512 C128,300.3 300.2,128 512,128 C723.8,128 896,300.2 896,512 C896,723.8 723.7,896 512,896 M512.1,0 C229.7,0 0,229.8 0,512 C0,794.2 229.8,1024 512.1,1024 C794.4,1024 1024,794.3 1024,512 C1024,229.7 794.4,0 512.1,0"
                      />
                    </svg>
                  </span>
                </div>
                <div
                  class="pf-c-form__group-control"
                >
                  <input
                    aria-invalid="false"
                    class="pf-c-form-control"
                    data-ouia-component-id="OUIA-Generated-TextInputBase-1"
                    data-ouia-component-type="PF4/TextInput"
                    data-ouia-safe="true"
                    id="create-satellite-manifest-form-name"
                    name="satelliteManifestName"
                    placeholder="Name"
                    required=""
                    type="text"
                    value=""
                  />
                  
                </div>
              </div>
              <div
                class="pf-c-form__group"
              >
                <div
                  class="pf-c-form__group-label"
                >
                  <label
                    class="pf-c-form__label"
                    for="create-satellite-manifest-form-type"
                  >
                    <span
                      class="pf-c-form__label-text"
                    >
                      Type
                    </span>
                    <span
                      aria-hidden="true"
                      class="pf-c-form__label-required"
                    >
                       
                      *
                    </span>
                  </label>
                   
                  <span
                    aria-label="Due to variation in supported features, it is important to match the type and version of the subscription management application you are using."
                    tabindex="0"
                  >
                    <svg
                      aria-hidden="true"
                      fill="currentColor"
                      height="1em"
                      role="img"
                      style="vertical-align: -0.125em;"
                      viewBox="0 0 1024 1024"
                      width="1em"
                    >
                      <path
                        d="M521.3,576 C627.5,576 713.7,502 713.7,413.7 C713.7,325.4 627.6,253.6 521.3,253.6 C366,253.6 334.5,337.7 329.2,407.2 C329.2,414.3 335.2,416 343.5,416 L445,416 C450.5,416 458,415.5 460.8,406.5 C460.8,362.6 582.9,357.1 582.9,413.6 C582.9,441.9 556.2,470.9 521.3,473 C486.4,475.1 447.3,479.8 447.3,521.7 L447.3,553.8 C447.3,570.8 456.1,576 472,576 C487.9,576 521.3,576 521.3,576 M575.3,751.3 L575.3,655.3 C575.313862,651.055109 573.620137,646.982962 570.6,644 C567.638831,640.947672 563.552355,639.247987 559.3,639.29884 L463.3,639.29884 C459.055109,639.286138 454.982962,640.979863 452,644 C448.947672,646.961169 447.247987,651.047645 447.29884,655.3 L447.29884,751.3 C447.286138,755.544891 448.979863,759.617038 452,762.6 C454.961169,765.652328 459.047645,767.352013 463.3,767.30116 L559.3,767.30116 C563.544891,767.313862 567.617038,765.620137 570.6,762.6 C573.659349,759.643612 575.360354,755.553963 575.3,751.3 M512,896 C300.2,896 128,723.9 128,512 C128,300.3 300.2,128 512,128 C723.8,128 896,300.2 896,512 C896,723.8 723.7,896 512,896 M512.1,0 C229.7,0 0,229.8 0,512 C0,794.2 229.8,1024 512.1,1024 C794.4,1024 1024,794.3 1024,512 C1024,229.7 794.4,0 512.1,0"
                      />
                    </svg>
                  </span>
                </div>
                <div
                  class="pf-c-form__group-control"
                >
                  <select
                    aria-invalid="false"
                    aria-label="FormSelect Input"
                    class="pf-c-form-control"
                    data-ouia-component-id="OUIA-Generated-FormSelect-default-1"
                    data-ouia-component-type="PF4/FormSelect"
                    data-ouia-safe="true"
                    id="create-satellite-manifest-form-type"
                    name="satelliteManifestType"
                  >
                    <option
                      class=""
                      disabled=""
                      value=""
                    >
                      Select type
                    </option>
                  </select>
                  
                </div>
              </div>
              <div
                class="pf-c-form__group pf-m-action"
              >
                <div
                  class="pf-c-form__group-control"
                >
                  <div
                    class="pf-c-form__actions"
                  >
                    <button
                      aria-disabled="false"
                      class="pf-c-button pf-m-primary"
                      data-ouia-component-id="OUIA-Generated-Button-primary-2"
                      data-ouia-component-type="PF4/Button"
                      data-ouia-safe="true"
                      id="save-manifest-button"
                      type="button"
                    >
                      Save
                    </button>
                    <button
                      aria-disabled="false"
                      class="pf-c-button pf-m-link"
                      data-ouia-component-id="OUIA-Generated-Button-link-1"
                      data-ouia-component-type="PF4/Button"
                      data-ouia-safe="true"
                      id="cancel-create-manifest-button"
                      type="button"
                    >
                      Cancel
                    </button>
                  </div>
                </div>
              </div>
            </form>
          </div>
        </div>
      </div>
    </div>
  </div>
</body>
`;
